../Drivers/STM32L4xx_HAL_Driver/Inc/stm32l4xx_ll_spi.h:371:22:LL_SPI_Enable	1
../Drivers/STM32L4xx_HAL_Driver/Inc/stm32l4xx_ll_spi.h:439:22:LL_SPI_SetStandard	1
../Drivers/STM32L4xx_HAL_Driver/Inc/stm32l4xx_ll_spi.h:875:22:LL_SPI_EnableNSSPulseMgt	1
../Drivers/STM32L4xx_HAL_Driver/Inc/stm32l4xx_ll_spi.h:929:26:LL_SPI_IsActiveFlag_TXE	2
../Drivers/STM32L4xx_HAL_Driver/Inc/stm32l4xx_ll_spi.h:980:26:LL_SPI_IsActiveFlag_BSY	2
../Drivers/STM32L4xx_HAL_Driver/Inc/stm32l4xx_ll_spi.h:1061:22:LL_SPI_ClearFlag_OVR	1
../Drivers/STM32L4xx_HAL_Driver/Inc/stm32l4xx_ll_spi.h:1371:22:LL_SPI_TransmitData8	1
../Drivers/STM32L4xx_HAL_Driver/Inc/stm32l4xx_ll_bus.h:563:22:LL_AHB2_GRP1_EnableClock	1
../Drivers/STM32L4xx_HAL_Driver/Inc/stm32l4xx_ll_bus.h:1673:22:LL_APB2_GRP1_EnableClock	1
../Core/Src/main.c:61:13:SPI1_WriteByte	3
../Core/Src/main.c:79:5:main	1
../Core/Src/main.c:131:6:SystemClock_Config	4
../Core/Src/main.c:192:13:MX_ADC1_Init	3
../Core/Src/main.c:250:13:MX_SPI1_Init	1
../Core/Src/main.c:305:13:MX_TIM1_Init	4
../Core/Src/main.c:352:13:MX_USART2_UART_Init	2
../Core/Src/main.c:387:13:MX_GPIO_Init	1
../Core/Src/main.c:415:6:HAL_ADC_ConvCpltCallback	1
../Core/Src/main.c:428:6:Error_Handler	1
